Microsoft Windows [版本 10.0.26100.7462]
(c) Microsoft Corporation。保留所有权利。

F:\claude code\Campus>